
> xinyuexia@0.1.0 dev
> vite --host 127.0.0.1 --port 18328 --strictPort


  [32m[1mVITE[22m v7.3.6[39m  [2mready in [0m[1m280[22m[2m[0m ms[22m

  [32m➜[39m  [1mLocal[22m:   [36mhttp://127.0.0.1:[1m18328[22m/[39m
[2m17:10:26[22m [36m[1m[vite][22m[39m [90m[2m(client)[22m[39m [32mhmr update [39m[2m/src/shared/styles/index.css, /src/features/tests/pages/StandardModeUnifiedWorkbenchPreview.tsx[22m
[2m17:11:59[22m [36m[1m[vite][22m[39m [90m[2m(client)[22m[39m [32mhmr update [39m[2m/src/shared/styles/index.css, /src/features/tests/pages/StandardModeWorkbenchTestPage.tsx[22m
[2m17:14:13[22m [36m[1m[vite][22m[39m [90m[2m(client)[22m[39m [32mhmr update [39m[2m/src/shared/styles/index.css, /src/features/tests/pages/StandardModeUnifiedWorkbenchPreview.tsx[22m
[2m17:15:02[22m [36m[1m[vite][22m[39m [90m[2m(client)[22m[39m [32mhmr update [39m[2m/src/shared/styles/index.css, /src/features/tests/pages/StandardModeUnifiedWorkbenchPreview.tsx[22m
[2m17:15:48[22m [36m[1m[vite][22m[39m [90m[2m(client)[22m[39m [32mhmr update [39m[2m/src/shared/styles/index.css[22m
[2m17:17:06[22m [36m[1m[vite][22m[39m [90m[2m(client)[22m[39m [32mhmr update [39m[2m/src/features/tests/pages/StandardModeCreationFlowDialogs.tsx, /src/shared/styles/index.css[22m
[2m17:26:41[22m [36m[1m[vite][22m[39m [90m[2m(client)[22m[39m [32mhmr update [39m[2m/src/shared/styles/index.css, /src/features/tests/pages/StandardModeWorkbenchTestPage.tsx[22m
[2m17:28:32[22m [36m[1m[vite][22m[39m [90m[2m(client)[22m[39m [32mhmr update [39m[2m/src/shared/styles/index.css[22m
[2m17:37:04[22m [36m[1m[vite][22m[39m [90m[2m(client)[22m[39m [32mhmr update [39m[2m/src/shared/styles/index.css[22m
[2m17:52:07[22m [36m[1m[vite][22m[39m [90m[2m(client)[22m[39m [32mhmr update [39m[2m/src/shared/styles/index.css, /src/features/tests/pages/StandardModeUnifiedWorkbenchPreview.tsx[22m
[2m17:52:32[22m [36m[1m[vite][22m[39m [90m[2m(client)[22m[39m [32mhmr update [39m[2m/src/shared/styles/index.css[22m
[2m17:53:31[22m [36m[1m[vite][22m[39m [90m[2m(client)[22m[39m [32mhmr update [39m[2m/src/shared/styles/index.css[22m
[2m18:05:23[22m [36m[1m[vite][22m[39m [90m[2m(client)[22m[39m [32mhmr update [39m[2m/src/shared/styles/index.css, /src/features/tests/pages/StandardModeUnifiedWorkbenchPreview.tsx[22m
[2m18:08:17[22m [36m[1m[vite][22m[39m [90m[2m(client)[22m[39m [32mhmr update [39m[2m/src/features/tests/pages/StandardModeCreationFlowDialogs.tsx, /src/shared/styles/index.css[22m
[2m18:09:30[22m [36m[1m[vite][22m[39m [90m[2m(client)[22m[39m [32mhmr update [39m[2m/src/shared/styles/index.css, /src/features/tests/pages/StandardModeUnifiedWorkbenchPreview.tsx[22m
[2m18:10:01[22m [36m[1m[vite][22m[39m [90m[2m(client)[22m[39m [32mhmr update [39m[2m/src/shared/styles/index.css[22m
[2m18:10:14[22m [36m[1m[vite][22m[39m [90m[2m(client)[22m[39m [32mhmr update [39m[2m/src/shared/styles/index.css[22m
[2m18:11:13[22m [36m[1m[vite][22m[39m [90m[2m(client)[22m[39m [32mhmr update [39m[2m/src/shared/styles/index.css, /src/features/tests/pages/StandardModePrimaryStagePreviews.tsx[22m
[2m18:11:23[22m [36m[1m[vite][22m[39m [90m[2m(client)[22m[39m [32mhmr update [39m[2m/src/shared/styles/index.css[22m
[2m18:12:03[22m [36m[1m[vite][22m[39m [90m[2m(client)[22m[39m [32mhmr update [39m[2m/src/shared/styles/index.css, /src/features/tests/pages/StandardModePrimaryStagePreviews.tsx[22m
[2m18:13:01[22m [36m[1m[vite][22m[39m [90m[2m(client)[22m[39m [32mhmr update [39m[2m/src/shared/styles/index.css, /src/features/tests/pages/StandardModeUnifiedWorkbenchPreview.tsx[22m
[2m18:13:01[22m [36m[1m[vite][22m[39m [90m[2m(client)[22m[39m [32mhmr update [39m[2m/src/shared/styles/index.css, /src/features/tests/pages/StandardModePrimaryStagePreviews.tsx[22m
[2m18:13:01[22m [36m[1m[vite][22m[39m [90m[2m(client)[22m[39m [32mhmr update [39m[2m/src/shared/styles/index.css, /src/features/tests/pages/StandardModeFinishingStagePreviews.tsx[22m
[2m18:13:01[22m [36m[1m[vite][22m[39m [90m[2m(client)[22m[39m [32mhmr update [39m[2m/src/features/tests/pages/StandardModeCreationFlowDialogs.tsx, /src/shared/styles/index.css[22m
[2m18:13:28[22m [36m[1m[vite][22m[39m [90m[2m(client)[22m[39m [32mhmr update [39m[2m/src/shared/styles/index.css[22m
[2m18:19:40[22m [36m[1m[vite][22m[39m [90m[2m(client)[22m[39m [32mhmr update [39m[2m/src/features/tests/pages/StandardModeCreationFlowDialogs.tsx, /src/shared/styles/index.css[22m
[2m18:19:40[22m [36m[1m[vite][22m[39m [90m[2m(client)[22m[39m [32mhmr update [39m[2m/src/shared/styles/index.css, /src/features/tests/pages/StandardModePrimaryStagePreviews.tsx[22m
[2m18:19:55[22m [36m[1m[vite][22m[39m [90m[2m(client)[22m[39m [32mhmr update [39m[2m/src/shared/styles/index.css[22m
[2m18:29:09[22m [36m[1m[vite][22m[39m [90m[2m(client)[22m[39m [32mhmr update [39m[2m/src/shared/styles/index.css, /src/features/tests/pages/StandardModeUnifiedWorkbenchPreview.tsx[22m
[2m18:29:09[22m [36m[1m[vite][22m[39m [90m[2m(client)[22m[39m [32mhmr update [39m[2m/src/shared/styles/index.css, /src/features/tests/pages/StandardModePrimaryStagePreviews.tsx[22m
[2m18:29:09[22m [36m[1m[vite][22m[39m [90m[2m(client)[22m[39m [32mhmr update [39m[2m/src/shared/styles/index.css, /src/features/tests/pages/StandardModeFinishingStagePreviews.tsx[22m
[2m18:29:23[22m [36m[1m[vite][22m[39m [90m[2m(client)[22m[39m [32mhmr update [39m[2m/src/features/tests/pages/StandardModeCreationFlowDialogs.tsx, /src/shared/styles/index.css[22m
[2m18:30:14[22m [36m[1m[vite][22m[39m [90m[2m(client)[22m[39m [32mhmr update [39m[2m/src/shared/styles/index.css[22m
[2m18:30:51[22m [36m[1m[vite][22m[39m [90m[2m(client)[22m[39m [32mhmr update [39m[2m/src/shared/styles/index.css, /src/features/tests/pages/StandardModeUnifiedWorkbenchPreview.tsx[22m
[2m18:31:44[22m [36m[1m[vite][22m[39m [90m[2m(client)[22m[39m [32mhmr update [39m[2m/src/shared/styles/index.css[22m
[2m18:32:26[22m [36m[1m[vite][22m[39m [90m[2m(client)[22m[39m [32mhmr update [39m[2m/src/shared/styles/index.css, /src/features/novels/components/NovelCard.tsx[22m
[2m18:32:59[22m [36m[1m[vite][22m[39m [90m[2m(client)[22m[39m [32mhmr update [39m[2m/src/features/novels/pages/NovelLibraryPage.tsx, /src/shared/styles/index.css[22m
[2m18:33:19[22m [36m[1m[vite][22m[39m [90m[2m(client)[22m[39m [32mhmr update [39m[2m/src/app/App.tsx, /src/shared/layout/AppFrame.tsx, /src/shared/layout/DashboardLayout.tsx, /src/app/InternalRoutesPage.tsx[22m
[2m18:33:19[22m [36m[1m[vite][22m[39m [90m[2m(client)[22m[39m [32mhmr update [39m[2m/src/app/App.tsx, /src/shared/layout/AppFrame.tsx, /src/shared/layout/DashboardLayout.tsx, /src/app/InternalRoutesPage.tsx, /src/shared/styles/index.css[22m
[2m18:33:19[22m [36m[1m[vite][22m[39m [90m[2m(client)[22m[39m [32mhmr update [39m[2m/src/app/App.tsx, /src/shared/styles/index.css[22m
[2m18:33:19[22m [36m[1m[vite][22m[39m [90m[2m(client)[22m[39m [32mhmr update [39m[2m/src/features/workbench/pages/WorkbenchPage.tsx, /src/shared/styles/index.css[22m
[2m18:33:31[22m [36m[1m[vite][22m[39m [90m[2m(client)[22m[39m [32mhmr update [39m[2m/src/shared/styles/index.css[22m
[2m18:34:27[22m [36m[1m[vite][22m[39m [90m[2m(client)[22m[39m [32mhmr update [39m[2m/src/shared/styles/index.css[22m
[2m18:34:41[22m [36m[1m[vite][22m[39m [90m[2m(client)[22m[39m [32mhmr update [39m[2m/src/shared/styles/index.css[22m
[2m18:35:29[22m [36m[1m[vite][22m[39m [90m[2m(client)[22m[39m [32mhmr update [39m[2m/src/shared/styles/index.css[22m
[2m18:35:54[22m [36m[1m[vite][22m[39m [90m[2m(client)[22m[39m [32mhmr update [39m[2m/src/shared/styles/index.css[22m
[2m18:36:07[22m [36m[1m[vite][22m[39m [90m[2m(client)[22m[39m [32mhmr update [39m[2m/src/features/novels/pages/NovelLibraryPage.tsx, /src/shared/styles/index.css[22m
[2m18:36:50[22m [36m[1m[vite][22m[39m [90m[2m(client)[22m[39m [32mhmr update [39m[2m/src/shared/styles/index.css, /src/features/tests/pages/TestCollectionPage.tsx[22m
[2m18:36:50[22m [36m[1m[vite][22m[39m [90m[2m(client)[22m[39m [32mhmr update [39m[2m/src/shared/styles/index.css, /src/features/tests/pages/TestCollectionPage.tsx[22m
[2m18:36:50[22m [36m[1m[vite][22m[39m [90m[2m(client)[22m[39m [32mpage reload [39m[2msrc/features/tests/pages/StandardModeWorkbenchTestPage.tsx[22m
[2m18:36:50[22m [36m[1m[vite][22m[39m [90m[2m(client)[22m[39m [32mpage reload [39m[2msrc/features/tests/pages/StandardModeProfessionalEditorPreview.tsx[22m
[2m18:36:50[22m [36m[1m[vite][22m[39m [90m[2m(client)[22m[39m [32mpage reload [39m[2msrc/features/tests/pages/StandardModeWorkbenchTestPage.test.tsx[22m
[2m18:38:02[22m [36m[1m[vite][22m[39m [90m[2m(client)[22m[39m [32mhmr update [39m[2m/src/shared/styles/index.css[22m
[2m18:38:02[22m [36m[1m[vite][22m[39m [90m[2m(client)[22m[39m [32mhmr update [39m[2m/src/shared/styles/index.css[22m
[2m18:39:02[22m [36m[1m[vite][22m[39m [90m[2m(client)[22m[39m [32mhmr update [39m[2m/src/shared/styles/index.css[22m
[2m18:39:38[22m [36m[1m[vite][22m[39m [90m[2m(client)[22m[39m [32mhmr update [39m[2m/src/shared/styles/index.css[22m
[2m18:41:13[22m [36m[1m[vite][22m[39m [90m[2m(client)[22m[39m [32mhmr update [39m[2m/src/shared/styles/index.css[22m
[2m18:47:04[22m [36m[1m[vite][22m[39m [90m[2m(client)[22m[39m [32mhmr update [39m[2m/src/shared/styles/index.css, /src/features/workbench/components/WorkbenchLibraryPanel.tsx, /src/features/workbench/pages/WorkbenchPage.tsx, /src/features/workbench/components/workbenchLibrarySidebar.tsx, /src/features/workbench/components/workbenchRoleEditor.tsx, /src/features/workbench/components/WorkbenchSettingTreeSidebar.tsx, /src/features/workbench/components/ChapterEditor.tsx, /src/features/novels/pages/NovelLibraryPage.tsx[22m
[2m18:47:04[22m [36m[1m[vite][22m[39m [90m[2m(client)[22m[39m [32mhmr update [39m[2m/src/shared/styles/index.css, /src/features/workbench/components/WorkbenchLibraryPanel.tsx, /src/features/workbench/components/workbenchLibrarySidebar.tsx, /src/features/workbench/components/workbenchRoleEditor.tsx, /src/features/workbench/components/WorkbenchSettingTreeSidebar.tsx[22m
[2m18:47:04[22m [36m[1m[vite][22m[39m [90m[2m(client)[22m[39m [32mhmr update [39m[2m/src/shared/styles/index.css[22m
[2m18:47:22[22m [36m[1m[vite][22m[39m [90m[2m(client)[22m[39m [32mhmr update [39m[2m/src/shared/styles/index.css[22m
[2m21:05:29[22m [36m[1m[vite][22m[39m [90m[2m(client)[22m[39m [32mhmr update [39m[2m/src/shared/styles/index.css[22m
[2m21:05:29[22m [36m[1m[vite][22m[39m [90m[2m(client)[22m[39m [32mhmr update [39m[2m/src/shared/styles/index.css, /src/features/workbench/components/WorkbenchLibraryPanel.tsx, /src/features/workbench/pages/WorkbenchPage.tsx, /src/features/workbench/components/workbenchLibrarySidebar.tsx, /src/features/workbench/components/workbenchRoleEditor.tsx, /src/features/workbench/components/WorkbenchSettingTreeSidebar.tsx, /src/features/workbench/components/ChapterEditor.tsx, /src/features/novels/pages/NovelLibraryPage.tsx, /src/features/standard-mode/pages/StandardModeWorkbenchPage.tsx[22m
[2m21:05:29[22m [36m[1m[vite][22m[39m [90m[2m(client)[22m[39m [32mhmr update [39m[2m/src/shared/styles/index.css, /src/features/workbench/components/WorkbenchLibraryPanel.tsx, /src/features/workbench/components/workbenchLibrarySidebar.tsx, /src/features/workbench/components/workbenchRoleEditor.tsx, /src/features/workbench/components/WorkbenchSettingTreeSidebar.tsx[22m
[2m21:05:29[22m [36m[1m[vite][22m[39m [90m[2m(client)[22m[39m [32mhmr update [39m[2m/src/shared/styles/index.css[22m
[2m21:05:29[22m [36m[1m[vite][22m[39m [90m[2m(client)[22m[39m [32mhmr update [39m[2m/src/shared/styles/index.css[22m
[2m21:05:29[22m [36m[1m[vite][22m[39m [90m[2m(client)[22m[39m [32mhmr update [39m[2m/src/shared/styles/index.css[22m
[2m21:05:29[22m [36m[1m[vite][22m[39m [90m[2m(client)[22m[39m [32mhmr update [39m[2m/src/shared/styles/index.css[22m
[2m21:05:29[22m [36m[1m[vite][22m[39m [90m[2m(client)[22m[39m [32mhmr update [39m[2m/src/shared/styles/index.css, /src/features/tests/pages/TestCollectionPage.tsx[22m
[2m21:05:29[22m [36m[1m[vite][22m[39m [90m[2m(client)[22m[39m [32mhmr update [39m[2m/src/app/App.tsx, /src/shared/layout/AppFrame.tsx, /src/shared/layout/DashboardLayout.tsx, /src/app/InternalRoutesPage.tsx, /src/shared/styles/index.css[22m
[2m21:05:29[22m [36m[1m[vite][22m[39m [90m[2m(client)[22m[39m [32mhmr update [39m[2m/src/app/App.tsx, /src/shared/layout/AppFrame.tsx, /src/shared/layout/DashboardLayout.tsx, /src/app/InternalRoutesPage.tsx[22m
[2m21:05:29[22m [36m[1m[vite][22m[39m [90m[2m(client)[22m[39m [32mhmr update [39m[2m/src/features/workbench/pages/WorkbenchPage.tsx, /src/shared/styles/index.css[22m
[2m21:05:29[22m [36m[1m[vite][22m[39m [90m[2m(client)[22m[39m [32mhmr update [39m[2m/src/features/novels/pages/NovelLibraryPage.tsx, /src/shared/styles/index.css[22m
[2m21:05:29[22m [36m[1m[vite][22m[39m [90m[2m(client)[22m[39m [32mhmr update [39m[2m/src/shared/styles/index.css, /src/features/novels/components/NovelCard.tsx[22m
[2m21:05:29[22m [36m[1m[vite][22m[39m [90m[2m(client)[22m[39m [32mhmr update [39m[2m/src/shared/styles/index.css, /src/features/tests/pages/TestCollectionPage.tsx[22m
[2m21:05:29[22m [36m[1m[vite][22m[39m [90m[2m(client)[22m[39m [32mhmr update [39m[2m/src/app/App.tsx, /src/shared/styles/index.css[22m
[2m21:05:29[22m [36m[1m[vite][22m[39m [90m[2m(client)[22m[39m [32mpage reload [39m[2msrc/features/tests/pages/StandardModeCreationFlowDialogs.tsx[22m
[2m21:05:29[22m [36m[1m[vite][22m[39m [90m[2m(client)[22m[39m [32mpage reload [39m[2msrc/features/tests/pages/StandardModeFinishingStagePreviews.tsx[22m
[2m21:05:29[22m [36m[1m[vite][22m[39m [90m[2m(client)[22m[39m [32mpage reload [39m[2msrc/features/tests/pages/StandardModePrimaryStagePreviews.tsx[22m
[2m21:05:29[22m [36m[1m[vite][22m[39m [90m[2m(client)[22m[39m [32mpage reload [39m[2msrc/features/tests/pages/StandardModeProfessionalEditorPreview.tsx[22m
[2m21:05:29[22m [36m[1m[vite][22m[39m [90m[2m(client)[22m[39m [32mpage reload [39m[2msrc/features/tests/pages/StandardModeUnifiedWorkbenchPreview.tsx[22m
[2m21:05:29[22m [36m[1m[vite][22m[39m [90m[2m(client)[22m[39m [32mpage reload [39m[2msrc/features/tests/pages/standardModeWorkbenchTestData.ts[22m
[2m21:05:29[22m [36m[1m[vite][22m[39m [90m[2m(client)[22m[39m [32mpage reload [39m[2msrc/features/tests/pages/StandardModeWorkbenchTestPage.test.tsx[22m
[2m21:05:29[22m [36m[1m[vite][22m[39m [90m[2m(client)[22m[39m [32mpage reload [39m[2msrc/features/tests/pages/StandardModeWorkbenchTestPage.tsx[22m
[2m21:05:29[22m [36m[1m[vite][22m[39m [90m[2m(client)[22m[39m [32mhmr update [39m[2m/src/shared/styles/index.css[22m
[2m21:05:29[22m [36m[1m[vite][22m[39m [90m[2m(client)[22m[39m [32mhmr update [39m[2m/src/shared/styles/index.css[22m
[2m21:05:29[22m [36m[1m[vite][22m[39m [90m[2m(client)[22m[39m [32mhmr update [39m[2m/src/shared/styles/index.css, /src/features/standard-mode/components/StandardModeFinishingStagePreviews.tsx[22m
[2m21:05:29[22m [36m[1m[vite][22m[39m [90m[2m(client)[22m[39m [32mhmr update [39m[2m/src/shared/styles/index.css, /src/features/standard-mode/components/StandardModePrimaryStagePreviews.tsx[22m
[2m21:05:29[22m [36m[1m[vite][22m[39m [90m[2m(client)[22m[39m [32mhmr update [39m[2m/src/shared/styles/index.css, /src/features/standard-mode/components/StandardModeCreationDialogs.tsx[22m
[2m21:05:29[22m [36m[1m[vite][22m[39m [90m[2m(client)[22m[39m [32mhmr update [39m[2m/src/shared/styles/index.css, /src/features/standard-mode/pages/StandardModeWorkbenchPage.tsx[22m
[2m21:05:29[22m [36m[1m[vite][22m[39m [90m[2m(client)[22m[39m [32mpage reload [39m[2msrc/features/standard-mode/model/standardModeTypes.ts[22m
[2m21:05:29[22m [36m[1m[vite][22m[39m [90m[2m(client)[22m[39m [32mhmr update [39m[2m/src/shared/styles/index.css, /src/features/novels/pages/NovelLibraryPage.tsx[22m
[2m21:05:29[22m [36m[1m[vite][22m[39m [90m[2m(client)[22m[39m [32mhmr update [39m[2m/src/shared/styles/index.css[22m
[2m21:09:00[22m [36m[1m[vite][22m[39m [90m[2m(client)[22m[39m [32mhmr update [39m[2m/src/app/App.tsx, /src/shared/styles/index.css[22m
[2m21:09:00[22m [36m[1m[vite][22m[39m [90m[2m(client)[22m[39m [32mhmr update [39m[2m/src/app/App.tsx, /src/shared/layout/AppFrame.tsx, /src/shared/layout/DashboardLayout.tsx, /src/app/InternalRoutesPage.tsx[22m
[2m21:09:00[22m [36m[1m[vite][22m[39m [90m[2m(client)[22m[39m [32mhmr update [39m[2m/src/app/App.tsx, /src/shared/layout/AppFrame.tsx, /src/shared/layout/DashboardLayout.tsx, /src/app/InternalRoutesPage.tsx, /src/shared/styles/index.css[22m
[2m21:09:00[22m [36m[1m[vite][22m[39m [90m[2m(client)[22m[39m [32mhmr update [39m[2m/src/shared/styles/index.css[22m
[2m21:09:00[22m [36m[1m[vite][22m[39m [90m[2m(client)[22m[39m [32mhmr update [39m[2m/src/shared/styles/index.css[22m
[2m21:09:00[22m [36m[1m[vite][22m[39m [90m[2m(client)[22m[39m [32mhmr update [39m[2m/src/shared/styles/index.css, /src/features/workbench/components/WorkbenchLibraryPanel.tsx, /src/features/workbench/components/workbenchLibrarySidebar.tsx, /src/features/workbench/components/workbenchRoleEditor.tsx, /src/features/workbench/components/WorkbenchSettingTreeSidebar.tsx[22m
[2m21:09:00[22m [36m[1m[vite][22m[39m [90m[2m(client)[22m[39m [32mhmr update [39m[2m/src/shared/styles/index.css[22m
[2m21:09:00[22m [36m[1m[vite][22m[39m [90m[2m(client)[22m[39m [32mhmr update [39m[2m/src/shared/styles/index.css[22m
[2m21:09:00[22m [36m[1m[vite][22m[39m [90m[2m(client)[22m[39m [32mhmr update [39m[2m/src/shared/styles/index.css, /src/features/novels/components/NovelCard.tsx[22m
[2m21:09:01[22m [36m[1m[vite][22m[39m [90m[2m(client)[22m[39m [32mhmr update [39m[2m/src/features/novels/pages/NovelLibraryPage.tsx, /src/shared/styles/index.css[22m
[2m21:09:01[22m [36m[1m[vite][22m[39m [90m[2m(client)[22m[39m [32mhmr update [39m[2m/src/shared/styles/index.css, /src/features/workbench/components/WorkbenchLibraryPanel.tsx, /src/features/workbench/pages/WorkbenchPage.tsx, /src/features/workbench/components/workbenchLibrarySidebar.tsx, /src/features/workbench/components/workbenchRoleEditor.tsx, /src/features/workbench/components/WorkbenchSettingTreeSidebar.tsx, /src/features/workbench/components/ChapterEditor.tsx[22m
[2m21:09:01[22m [36m[1m[vite][22m[39m [90m[2m(client)[22m[39m [32mhmr update [39m[2m/src/features/workbench/pages/WorkbenchPage.tsx, /src/shared/styles/index.css[22m
